============================= test session starts =============================
platform win32 -- Python 3.11.9, pytest-9.0.2, pluggy-1.6.0 -- C:\Users\tfrnd\AppData\Local\Microsoft\WindowsApps\PythonSoftwareFoundation.Python.3.11_qbz5n2kfra8p0\python.exe
cachedir: .pytest_cache
rootdir: D:\Utkarsh\backend
plugins: anyio-3.7.1, asyncio-1.3.0
asyncio: mode=Mode.STRICT, debug=False, asyncio_default_fixture_loop_scope=None, asyncio_default_test_loop_scope=function
collecting ... collected 6 items

tests/test_integration.py::test_compute_baseline_from_history PASSED     [ 16%]
tests/test_integration.py::test_normal_transaction_low_risk PASSED       [ 33%]
tests/test_integration.py::test_anomalous_transaction_high_risk PASSED   [ 50%]
tests/test_integration.py::test_bds_recipient_scoring PASSED             [ 66%]
tests/test_integration.py::test_vedic_checksum_integrity PASSED          [ 83%]
tests/test_integration.py::test_nikhilam_multiplication PASSED           [100%]

============================== 6 passed in 0.40s ==============================
